------------------------------------------------------------
TimeQuest Timing Analyzer Summary
------------------------------------------------------------

Type  : Slow 1200mV 85C Model Setup 'clk'
Slack : -4.353
TNS   : -514.327

Type  : Slow 1200mV 85C Model Setup 'frequency_divider:inst5|clk_1khz'
Slack : -1.951
TNS   : -13.292

Type  : Slow 1200mV 85C Model Setup 'frequency_divider:inst5|clk_100hz'
Slack : -1.742
TNS   : -10.048

Type  : Slow 1200mV 85C Model Setup 'frequency_divider:inst5|clk_1hz'
Slack : -0.721
TNS   : -2.274

Type  : Slow 1200mV 85C Model Setup 'frequency_divider:inst5|clk_10hz'
Slack : -0.688
TNS   : -4.536

Type  : Slow 1200mV 85C Model Hold 'clk'
Slack : -0.080
TNS   : -0.080

Type  : Slow 1200mV 85C Model Hold 'frequency_divider:inst5|clk_100hz'
Slack : 0.450
TNS   : 0.000

Type  : Slow 1200mV 85C Model Hold 'frequency_divider:inst5|clk_1khz'
Slack : 0.450
TNS   : 0.000

Type  : Slow 1200mV 85C Model Hold 'frequency_divider:inst5|clk_10hz'
Slack : 0.498
TNS   : 0.000

Type  : Slow 1200mV 85C Model Hold 'frequency_divider:inst5|clk_1hz'
Slack : 0.745
TNS   : 0.000

Type  : Slow 1200mV 85C Model Minimum Pulse Width 'clk'
Slack : -3.000
TNS   : -199.284

Type  : Slow 1200mV 85C Model Minimum Pulse Width 'frequency_divider:inst5|clk_10hz'
Slack : -1.487
TNS   : -47.584

Type  : Slow 1200mV 85C Model Minimum Pulse Width 'frequency_divider:inst5|clk_1khz'
Slack : -1.487
TNS   : -22.305

Type  : Slow 1200mV 85C Model Minimum Pulse Width 'frequency_divider:inst5|clk_100hz'
Slack : -1.487
TNS   : -11.896

Type  : Slow 1200mV 85C Model Minimum Pulse Width 'frequency_divider:inst5|clk_1hz'
Slack : -1.487
TNS   : -5.948

Type  : Slow 1200mV 0C Model Setup 'clk'
Slack : -4.008
TNS   : -472.369

Type  : Slow 1200mV 0C Model Setup 'frequency_divider:inst5|clk_1khz'
Slack : -1.767
TNS   : -11.329

Type  : Slow 1200mV 0C Model Setup 'frequency_divider:inst5|clk_100hz'
Slack : -1.527
TNS   : -8.770

Type  : Slow 1200mV 0C Model Setup 'frequency_divider:inst5|clk_1hz'
Slack : -0.653
TNS   : -1.983

Type  : Slow 1200mV 0C Model Setup 'frequency_divider:inst5|clk_10hz'
Slack : -0.614
TNS   : -2.674

Type  : Slow 1200mV 0C Model Hold 'clk'
Slack : -0.068
TNS   : -0.068

Type  : Slow 1200mV 0C Model Hold 'frequency_divider:inst5|clk_1khz'
Slack : 0.398
TNS   : 0.000

Type  : Slow 1200mV 0C Model Hold 'frequency_divider:inst5|clk_100hz'
Slack : 0.399
TNS   : 0.000

Type  : Slow 1200mV 0C Model Hold 'frequency_divider:inst5|clk_10hz'
Slack : 0.467
TNS   : 0.000

Type  : Slow 1200mV 0C Model Hold 'frequency_divider:inst5|clk_1hz'
Slack : 0.674
TNS   : 0.000

Type  : Slow 1200mV 0C Model Minimum Pulse Width 'clk'
Slack : -3.000
TNS   : -199.284

Type  : Slow 1200mV 0C Model Minimum Pulse Width 'frequency_divider:inst5|clk_10hz'
Slack : -1.487
TNS   : -47.584

Type  : Slow 1200mV 0C Model Minimum Pulse Width 'frequency_divider:inst5|clk_1khz'
Slack : -1.487
TNS   : -22.305

Type  : Slow 1200mV 0C Model Minimum Pulse Width 'frequency_divider:inst5|clk_100hz'
Slack : -1.487
TNS   : -11.896

Type  : Slow 1200mV 0C Model Minimum Pulse Width 'frequency_divider:inst5|clk_1hz'
Slack : -1.487
TNS   : -5.948

Type  : Fast 1200mV 0C Model Setup 'clk'
Slack : -1.246
TNS   : -132.254

Type  : Fast 1200mV 0C Model Setup 'frequency_divider:inst5|clk_1khz'
Slack : -0.290
TNS   : -0.586

Type  : Fast 1200mV 0C Model Setup 'frequency_divider:inst5|clk_100hz'
Slack : -0.184
TNS   : -0.736

Type  : Fast 1200mV 0C Model Setup 'frequency_divider:inst5|clk_10hz'
Slack : 0.248
TNS   : 0.000

Type  : Fast 1200mV 0C Model Setup 'frequency_divider:inst5|clk_1hz'
Slack : 0.252
TNS   : 0.000

Type  : Fast 1200mV 0C Model Hold 'clk'
Slack : -0.289
TNS   : -1.008

Type  : Fast 1200mV 0C Model Hold 'frequency_divider:inst5|clk_100hz'
Slack : 0.184
TNS   : 0.000

Type  : Fast 1200mV 0C Model Hold 'frequency_divider:inst5|clk_1khz'
Slack : 0.185
TNS   : 0.000

Type  : Fast 1200mV 0C Model Hold 'frequency_divider:inst5|clk_10hz'
Slack : 0.192
TNS   : 0.000

Type  : Fast 1200mV 0C Model Hold 'frequency_divider:inst5|clk_1hz'
Slack : 0.259
TNS   : 0.000

Type  : Fast 1200mV 0C Model Minimum Pulse Width 'clk'
Slack : -3.000
TNS   : -142.755

Type  : Fast 1200mV 0C Model Minimum Pulse Width 'frequency_divider:inst5|clk_10hz'
Slack : -1.000
TNS   : -32.000

Type  : Fast 1200mV 0C Model Minimum Pulse Width 'frequency_divider:inst5|clk_1khz'
Slack : -1.000
TNS   : -15.000

Type  : Fast 1200mV 0C Model Minimum Pulse Width 'frequency_divider:inst5|clk_100hz'
Slack : -1.000
TNS   : -8.000

Type  : Fast 1200mV 0C Model Minimum Pulse Width 'frequency_divider:inst5|clk_1hz'
Slack : -1.000
TNS   : -4.000

------------------------------------------------------------
